25
.J...............................................W
.J................................................
.................................................W
.J................................................
.................................................W
.J..........................................M.M.M.
.....N.....................O.O.O.O...............W
.J..N.N......................................M.M..
...N...N..................O.O.O.O.O..............W
.JN.....N..........M..............................
........U.........M.M............U...............W
.V.V.V.V.V................V.V.V.V.V.C......G.G.G.G
..................C.C............................W
.J................................................
.................................................W
.J.M.M............................................
..................................O..............W
.JM.M.M.........................O...O.............
.J................A.A..........O.....O.........A.A
.B.B.B.B.............................U............
.J..............B.Q.Q.C.......A.A.A.A.A......A.Q.Q
..................A...N.N.N.......................
.J..........T.....Q.Q..N.N...............T...Q.Q.Q
..................................................
.I.I.I.I.I.I.I.I.I.I.I.I.I.I.I.I.I.I.I.I.I.I.I.I.I
23
Grass_Block_Green.png
Platform_Bronze_Thick.png
Platform_Bronze_Thin.png
Platform_Gold_Thick.png
Platform_Gold_Thin.png
Platform_Orange_Thick.png
Platform_Silver_Thick.png
Platform_Silver_Thin.png
Stone_Floor.png
Wood_Wall.png
Spikes_Up.png
Spikes_Down.png
Apple_0.png
Banana_0.png
Cherry_0.png
Wood_Ceiling.png
Dirt_Block.png
Spikes_Left.png
Spikes_Right.png
Trampoline_0.png
Saw_0.png
Grass_Block_Orange.png
Wood_wall_RT.png
background_Gray.png