25
J................................................J
J................................................J
..................................................
J...........................M.M.M.M.M............J
...........................M.M.M.M.M.M............
J................................................J
.N.N.N.....................KK....KK...............
J...............N........A.A.A.A.A.A.A.A.........J
A.A.A.A.C................................C........
..............N...N..............................J
J...............KK..........N.....................
J............G.G.G.G...................M.........J
.............LLLLLLLL.....N...N.............BB.B..
J..M..........M.M.M.........KK.......M...M.......J
..M.M........M.M.M.M......A.A.A...................
J........B..M.M.M.M.M............................J
...KK.....................Q.Q.Q.......A.A.........
G.G.G.G..........................................J
J.............A.A.A...................Q.Q.....RA..
....................................B.....C...R..J
J...........B.Q.Q.Q...................A.Q.N.N.RQ.J
...........................................N..R...
J.............Q.Q.Q...............AA.AQ.Q.N.N.RQ.J
....................KKK....KKK................R...
I.I.I.I.I.I.I.I.I.I.I.I.I.I.I.I.I.I.I.I.I.I.I.I.I.
19
Grass_Block_Green.png
Platform_Bronze_Thick.png
Platform_Bronze_Thin.png
Platform_Gold_Thick.png
Platform_Gold_Thin.png
Platform_Orange_Thick.png
Platform_Silver_Thick.png
Platform_Silver_Thin.png
Stone_Floor.png
Wood_Wall.png
Spikes_Up.png
Spikes_Down.png
Apple_0.png
Banana_0.png
Cherry_0.png
Wood_Ceiling.png
Dirt_Block.png
Spikes_Left.png
Spikes_Right.png
Background_Tan.png